<html>
<body>
<pre>
<h1>礦ision Build Log</h1>
<h2>Tool Versions:</h2>
IDE-Version: μVision V5.15
Copyright (C) 2015 ARM Ltd and ARM Germany GmbH. All rights reserved.
License Information:  ,  , LIC=0VRDY-IKM26-MRKXP-MAYX0-WUZX7-XR4RR
 
Tool Versions:
Toolchain:       MDK-ARM Professional  Version: 5.15.0
Toolchain Path:  C:\Keil_v5\ARM\ARMCC\Bin
C Compiler:      Armcc.exe V5.05 update 2 (build 169)
Assembler:       Armasm.exe V5.05 update 2 (build 169)
Linker/Locator:  ArmLink.exe V5.05 update 2 (build 169)
Library Manager: ArmAr.exe V5.05 update 2 (build 169)
Hex Converter:   FromElf.exe V5.05 update 2 (build 169)
CPU DLL:         SARMCM3.DLL V5.15.0
Dialog DLL:      DCM.DLL V1.13.2.0
Target DLL:      STLink\ST-LINKIII-KEIL_SWO.dll V2.0.15.0_KEIL
Dialog DLL:      TCM.DLL V1.14.5.0
 
<h2>Project:</h2>
C:\Users\92871\Desktop\各种大作业\item design\L476\stm32-project\MDK-ARM\project.uvprojx
Project File Date:  05/14/2019

<h2>Output:</h2>
*** Using Compiler 'V5.05 update 2 (build 169)', folder: 'C:\Keil_v5\ARM\ARMCC\Bin'
Build target 'project'
assembling startup_stm32l476xx.s...
compiling i2c.c...
compiling main.c...
compiling gpio.c...
../Src/gpio.c(118): warning:  #1-D: last line of file ends without a newline
  /************************ (C) COPYRIGHT STMicroelectronics *****END OF FILE****/
../Src/gpio.c: 1 warning, 0 errors
compiling usart.c...
compiling stm32l4xx_it.c...
compiling stm32l4xx_hal_msp.c...
compiling MainProcess.c...
MainProcess.c(122): warning:  #177-D: variable "jkjk" was declared but never referenced
                uint8_t jkjk;
MainProcess.c: 1 warning, 0 errors
compiling i2c_2.c...
compiling stm32l4xx_hal_tim.c...
compiling stm32l4xx_hal_tim_ex.c...
compiling stm32l4xx_hal_uart.c...
compiling stm32l4xx_hal_uart_ex.c...
compiling stm32l4xx_hal.c...
compiling stm32l4xx_hal_i2c.c...
compiling stm32l4xx_hal_i2c_ex.c...
compiling stm32l4xx_hal_rcc.c...
compiling stm32l4xx_hal_rcc_ex.c...
compiling stm32l4xx_hal_flash.c...
compiling stm32l4xx_hal_flash_ex.c...
compiling stm32l4xx_hal_flash_ramfunc.c...
compiling stm32l4xx_hal_gpio.c...
compiling stm32l4xx_hal_dma.c...
compiling stm32l4xx_hal_dma_ex.c...
compiling stm32l4xx_hal_pwr.c...
compiling stm32l4xx_hal_pwr_ex.c...
compiling stm32l4xx_hal_cortex.c...
compiling system_stm32l4xx.c...
compiling Button.c...
compiling ComToFPGA.c...
ComToFPGA.c(7): warning:  #188-D: enumerated type mixed with another type
                case 1:HAL_GPIO_WritePin(
PIOC,
PIO_PIN_5,1);break;
ComToFPGA.c(8): warning:  #188-D: enumerated type mixed with another type
                case 2:HAL_GPIO_WritePin(
PIOC,
PIO_PIN_6,1);break;
ComToFPGA.c(9): warning:  #188-D: enumerated type mixed with another type
                case 3:HAL_GPIO_WritePin(
PIOC,
PIO_PIN_8,1);break;
ComToFPGA.c(17): warning:  #188-D: enumerated type mixed with another type
                case 1:HAL_GPIO_WritePin(
PIOC,
PIO_PIN_5,0);break;
ComToFPGA.c(18): warning:  #188-D: enumerated type mixed with another type
                case 2:HAL_GPIO_WritePin(
PIOC,
PIO_PIN_6,0);break;
ComToFPGA.c(19): warning:  #188-D: enumerated type mixed with another type
                case 3:HAL_GPIO_WritePin(
PIOC,
PIO_PIN_8,0);break;
ComToFPGA.c: 6 warnings, 0 errors
compiling ComToAndroid.c...
compiling InfraredSensor.c...
compiling tcs34725.c...
compiling VL6180.c...
compiling Led.c...
Led.c(7): warning:  #188-D: enumerated type mixed with another type
                case 1:HAL_GPIO_WritePin(
PIOC,
PIO_PIN_0,1);break;
Led.c(8): warning:  #188-D: enumerated type mixed with another type
                case 2:HAL_GPIO_WritePin(
PIOC,
PIO_PIN_1,1);break;
Led.c(9): warning:  #188-D: enumerated type mixed with another type
                case 3:HAL_GPIO_WritePin(
PIOC,
PIO_PIN_2,1);break;
Led.c(17): warning:  #188-D: enumerated type mixed with another type
                case 1:HAL_GPIO_WritePin(
PIOC,
PIO_PIN_0,0);break;
Led.c(18): warning:  #188-D: enumerated type mixed with another type
                case 2:HAL_GPIO_WritePin(
PIOC,
PIO_PIN_1,0);break;
Led.c(19): warning:  #188-D: enumerated type mixed with another type
                case 3:HAL_GPIO_WritePin(
PIOC,
PIO_PIN_2,0);break;
Led.c: 6 warnings, 0 errors
linking...
project\project.axf: Warning: L6988W: Ignoring unknown patch sdcomp-29491-629360.
Program Size: Code=11512 RO-data=496 RW-data=80 ZI-data=1264  
Finished: 0 information, 1 warning and 0 error messages.
FromELF: creating hex file...
"project\project.axf" - 0 Error(s), 15 Warning(s).

<h2>Software Packages used:</h2>

Package Vendor: ARM
                http://www.keil.com/pack/ARM.CMSIS.4.3.0.pack
                ARM::CMSIS:CORE:4.1.0
                CMSIS (Cortex Microcontroller Software Interface Standard)
   * Component: CORE Version: 4.1.0

<h2>Collection of Component include folders:</h2>
  C:\Users\92871\Desktop\各种大作业\item design\L476\stm32-project\MDK-ARM\RTE
  C:\Keil_v5\ARM\PACK\ARM\CMSIS\4.3.0\CMSIS\Include
  C:\Keil_v5\ARM\PACK\Keil\STM32L4xx_DFP\2.2.0\Drivers\CMSIS\Device\ST\STM32L4xx\Include

<h2>Collection of Component Files used:</h2>

   * Component: ARM::CMSIS:CORE:4.1.0
</pre>
</body>
</html>
